Release 14.7 - xst P.20131013 (nt64)
Copyright (c) 1995-2013 Xilinx, Inc.  All rights reserved.
--> Parameter TMPDIR set to xst/projnav.tmp


Total REAL time to Xst completion: 0.00 secs
Total CPU time to Xst completion: 0.22 secs
 
--> Parameter xsthdpdir set to xst


Total REAL time to Xst completion: 0.00 secs
Total CPU time to Xst completion: 0.22 secs
 
--> Reading design: tb_top_bram_fsm.prj

TABLE OF CONTENTS
  1) Synthesis Options Summary
  2) HDL Parsing
  3) HDL Elaboration
  4) HDL Synthesis
       4.1) HDL Synthesis Report
  5) Advanced HDL Synthesis
       5.1) Advanced HDL Synthesis Report
  6) Low Level Synthesis
  7) Partition Report
  8) Design Summary
       8.1) Primitive and Black Box Usage
       8.2) Device utilization summary
       8.3) Partition Resource Summary
       8.4) Timing Report
            8.4.1) Clock Information
            8.4.2) Asynchronous Control Signals Information
            8.4.3) Timing Summary
            8.4.4) Timing Details
            8.4.5) Cross Clock Domains Report


=========================================================================
*                      Synthesis Options Summary                        *
=========================================================================
---- Source Parameters
Input File Name                    : "tb_top_bram_fsm.prj"
Ignore Synthesis Constraint File   : NO

---- Target Parameters
Output File Name                   : "tb_top_bram_fsm"
Output Format                      : NGC
Target Device                      : xc6slx4-3-tqg144

---- Source Options
Top Module Name                    : tb_top_bram_fsm
Automatic FSM Extraction           : YES
FSM Encoding Algorithm             : Auto
Safe Implementation                : No
FSM Style                          : LUT
RAM Extraction                     : Yes
RAM Style                          : Auto
ROM Extraction                     : Yes
Shift Register Extraction          : YES
ROM Style                          : Auto
Resource Sharing                   : YES
Asynchronous To Synchronous        : NO
Shift Register Minimum Size        : 2
Use DSP Block                      : Auto
Automatic Register Balancing       : No

---- Target Options
LUT Combining                      : Auto
Reduce Control Sets                : Auto
Add IO Buffers                     : YES
Global Maximum Fanout              : 100000
Add Generic Clock Buffer(BUFG)     : 16
Register Duplication               : YES
Optimize Instantiated Primitives   : NO
Use Clock Enable                   : Auto
Use Synchronous Set                : Auto
Use Synchronous Reset              : Auto
Pack IO Registers into IOBs        : Auto
Equivalent register Removal        : YES

---- General Options
Optimization Goal                  : Speed
Optimization Effort                : 1
Power Reduction                    : NO
Keep Hierarchy                     : No
Netlist Hierarchy                  : As_Optimized
RTL Output                         : Yes
Global Optimization                : AllClockNets
Read Cores                         : YES
Write Timing Constraints           : NO
Cross Clock Analysis               : NO
Hierarchy Separator                : /
Bus Delimiter                      : <>
Case Specifier                     : Maintain
Slice Utilization Ratio            : 100
BRAM Utilization Ratio             : 100
DSP48 Utilization Ratio            : 100
Auto BRAM Packing                  : NO
Slice Utilization Ratio Delta      : 5

=========================================================================


=========================================================================
*                          HDL Parsing                                  *
=========================================================================
Parsing VHDL file "D:\bram_fsm_proj\bram_sram.vhd" into library work
Parsing entity <bram_sram>.
Parsing architecture <rtl> of entity <bram_sram>.
Parsing VHDL file "D:\bram_fsm_proj\bram_controller.vhd" into library work
Parsing entity <bram_controller>.
Parsing architecture <fsm> of entity <bram_controller>.
Parsing VHDL file "D:\bram_fsm_proj\top_bram_fsm.vhd" into library work
Parsing entity <top_bram_fsm>.
Parsing architecture <structural> of entity <top_bram_fsm>.
Parsing VHDL file "D:\bram_fsm_proj\tb_top_bram_fsm.vhd" into library work
Parsing entity <tb_top_bram_fsm>.
Parsing architecture <sim> of entity <tb_top_bram_fsm>.

=========================================================================
*                            HDL Elaboration                            *
=========================================================================

Elaborating entity <tb_top_bram_fsm> (architecture <sim>) from library <work>.

Elaborating entity <top_bram_fsm> (architecture <structural>) with generics from library <work>.

Elaborating entity <bram_controller> (architecture <fsm>) with generics from library <work>.
WARNING:HDLCompiler:92 - "D:\bram_fsm_proj\bram_controller.vhd" Line 74: addr_in should be on the sensitivity list of the process
WARNING:HDLCompiler:92 - "D:\bram_fsm_proj\bram_controller.vhd" Line 88: addr_in should be on the sensitivity list of the process
WARNING:HDLCompiler:92 - "D:\bram_fsm_proj\bram_controller.vhd" Line 89: data_in should be on the sensitivity list of the process
INFO:HDLCompiler:679 - "D:\bram_fsm_proj\bram_controller.vhd" Line 98. Case statement is complete. others clause is never selected

Elaborating entity <bram_sram> (architecture <rtl>) with generics from library <work>.
ERROR:HDLCompiler:890 - "D:\bram_fsm_proj\tb_top_bram_fsm.vhd" Line 46: wait statement without UNTIL clause not supported for synthesis
Netlist tb_top_bram_fsm(sim) remains a blackbox, due to errors in its contents
--> 

Total memory usage is 4482912 kilobytes

Number of errors   :    1 (   0 filtered)
Number of warnings :    3 (   0 filtered)
Number of infos    :    0 (   0 filtered)

