Release 14.7 - xst P.20131013 (nt64)
Copyright (c) 1995-2013 Xilinx, Inc.  All rights reserved.
--> Parameter TMPDIR set to xst/projnav.tmp


Total REAL time to Xst completion: 0.00 secs
Total CPU time to Xst completion: 0.57 secs
 
--> Parameter xsthdpdir set to xst


Total REAL time to Xst completion: 0.00 secs
Total CPU time to Xst completion: 0.57 secs
 
--> Reading design: top_bram_fsm.prj

TABLE OF CONTENTS
  1) Synthesis Options Summary
  2) HDL Parsing
  3) HDL Elaboration
  4) HDL Synthesis
       4.1) HDL Synthesis Report
  5) Advanced HDL Synthesis
       5.1) Advanced HDL Synthesis Report
  6) Low Level Synthesis
  7) Partition Report
  8) Design Summary
       8.1) Primitive and Black Box Usage
       8.2) Device utilization summary
       8.3) Partition Resource Summary
       8.4) Timing Report
            8.4.1) Clock Information
            8.4.2) Asynchronous Control Signals Information
            8.4.3) Timing Summary
            8.4.4) Timing Details
            8.4.5) Cross Clock Domains Report


=========================================================================
*                      Synthesis Options Summary                        *
=========================================================================
---- Source Parameters
Input File Name                    : "top_bram_fsm.prj"
Ignore Synthesis Constraint File   : NO

---- Target Parameters
Output File Name                   : "top_bram_fsm"
Output Format                      : NGC
Target Device                      : xc6slx4-3-tqg144

---- Source Options
Top Module Name                    : top_bram_fsm
Automatic FSM Extraction           : YES
FSM Encoding Algorithm             : Auto
Safe Implementation                : No
FSM Style                          : LUT
RAM Extraction                     : Yes
RAM Style                          : Auto
ROM Extraction                     : Yes
Shift Register Extraction          : YES
ROM Style                          : Auto
Resource Sharing                   : YES
Asynchronous To Synchronous        : NO
Shift Register Minimum Size        : 2
Use DSP Block                      : Auto
Automatic Register Balancing       : No

---- Target Options
LUT Combining                      : Auto
Reduce Control Sets                : Auto
Add IO Buffers                     : YES
Global Maximum Fanout              : 100000
Add Generic Clock Buffer(BUFG)     : 16
Register Duplication               : YES
Optimize Instantiated Primitives   : NO
Use Clock Enable                   : Auto
Use Synchronous Set                : Auto
Use Synchronous Reset              : Auto
Pack IO Registers into IOBs        : Auto
Equivalent register Removal        : YES

---- General Options
Optimization Goal                  : Speed
Optimization Effort                : 1
Power Reduction                    : NO
Keep Hierarchy                     : No
Netlist Hierarchy                  : As_Optimized
RTL Output                         : Yes
Global Optimization                : AllClockNets
Read Cores                         : YES
Write Timing Constraints           : NO
Cross Clock Analysis               : NO
Hierarchy Separator                : /
Bus Delimiter                      : <>
Case Specifier                     : Maintain
Slice Utilization Ratio            : 100
BRAM Utilization Ratio             : 100
DSP48 Utilization Ratio            : 100
Auto BRAM Packing                  : NO
Slice Utilization Ratio Delta      : 5

=========================================================================


=========================================================================
*                          HDL Parsing                                  *
=========================================================================
Parsing VHDL file "D:\bram_fsm_proj\bram_sram.vhd" into library work
Parsing entity <bram_sram>.
Parsing architecture <rtl> of entity <bram_sram>.
Parsing VHDL file "D:\bram_fsm_proj\bram_controller.vhd" into library work
Parsing entity <bram_controller>.
Parsing architecture <rtl> of entity <bram_controller>.
Parsing VHDL file "D:\bram_fsm_proj\top_bram_fsm.vhd" into library work
Parsing entity <top_bram_fsm>.
Parsing architecture <structural> of entity <top_bram_fsm>.

=========================================================================
*                            HDL Elaboration                            *
=========================================================================

Elaborating entity <top_bram_fsm> (architecture <structural>) with generics from library <work>.
WARNING:HDLCompiler:1127 - "D:\bram_fsm_proj\top_bram_fsm.vhd" Line 77: Assignment to bram_we_debug ignored, since the identifier is never used
WARNING:HDLCompiler:1127 - "D:\bram_fsm_proj\top_bram_fsm.vhd" Line 78: Assignment to bram_addr_debug ignored, since the identifier is never used
WARNING:HDLCompiler:1127 - "D:\bram_fsm_proj\top_bram_fsm.vhd" Line 79: Assignment to bram_din_debug ignored, since the identifier is never used
WARNING:HDLCompiler:1127 - "D:\bram_fsm_proj\top_bram_fsm.vhd" Line 80: Assignment to bram_dout_debug ignored, since the identifier is never used

Elaborating entity <bram_controller> (architecture <rtl>) with generics from library <work>.

Elaborating entity <bram_sram> (architecture <rtl>) with generics from library <work>.

=========================================================================
*                           HDL Synthesis                               *
=========================================================================

Synthesizing Unit <top_bram_fsm>.
    Related source file is "D:\bram_fsm_proj\top_bram_fsm.vhd".
        ADDR_WIDTH = 8
        DATA_WIDTH = 8
    Summary:
	no macro.
Unit <top_bram_fsm> synthesized.

Synthesizing Unit <bram_controller>.
    Related source file is "D:\bram_fsm_proj\bram_controller.vhd".
        ADDR_WIDTH = 8
        DATA_WIDTH = 8
    Found 8-bit register for signal <addr_reg>.
    Found 8-bit register for signal <data_reg>.
    Found 8-bit register for signal <data_out_reg>.
    Found 1-bit register for signal <bram_we_reg>.
    Found 8-bit register for signal <bram_addr_reg>.
    Found 8-bit register for signal <bram_din_reg>.
    Found 1-bit register for signal <data_valid>.
    Found 1-bit register for signal <busy>.
    Found 3-bit register for signal <state>.
    Found finite state machine <FSM_0> for signal <state>.
    -----------------------------------------------------------------------
    | States             | 6                                              |
    | Transitions        | 10                                             |
    | Inputs             | 3                                              |
    | Outputs            | 5                                              |
    | Clock              | clk (rising_edge)                              |
    | Reset              | rst (positive)                                 |
    | Reset type         | synchronous                                    |
    | Reset State        | idle                                           |
    | Power Up State     | idle                                           |
    | Encoding           | auto                                           |
    | Implementation     | LUT                                            |
    -----------------------------------------------------------------------
    Summary:
	inferred  43 D-type flip-flop(s).
	inferred   9 Multiplexer(s).
	inferred   1 Finite State Machine(s).
Unit <bram_controller> synthesized.

Synthesizing Unit <bram_sram>.
    Related source file is "D:\bram_fsm_proj\bram_sram.vhd".
        ADDR_WIDTH = 8
        DATA_WIDTH = 8
    Found 8-bit register for signal <mem<1>>.
    Found 8-bit register for signal <mem<2>>.
    Found 8-bit register for signal <mem<3>>.
    Found 8-bit register for signal <mem<4>>.
    Found 8-bit register for signal <mem<5>>.
    Found 8-bit register for signal <mem<6>>.
    Found 8-bit register for signal <mem<7>>.
    Found 8-bit register for signal <mem<8>>.
    Found 8-bit register for signal <mem<9>>.
    Found 8-bit register for signal <mem<10>>.
    Found 8-bit register for signal <mem<11>>.
    Found 8-bit register for signal <mem<12>>.
    Found 8-bit register for signal <mem<13>>.
    Found 8-bit register for signal <mem<14>>.
    Found 8-bit register for signal <mem<15>>.
    Found 8-bit register for signal <mem<16>>.
    Found 8-bit register for signal <mem<17>>.
    Found 8-bit register for signal <mem<18>>.
    Found 8-bit register for signal <mem<19>>.
    Found 8-bit register for signal <mem<20>>.
    Found 8-bit register for signal <mem<21>>.
    Found 8-bit register for signal <mem<22>>.
    Found 8-bit register for signal <mem<23>>.
    Found 8-bit register for signal <mem<24>>.
    Found 8-bit register for signal <mem<25>>.
    Found 8-bit register for signal <mem<26>>.
    Found 8-bit register for signal <mem<27>>.
    Found 8-bit register for signal <mem<28>>.
    Found 8-bit register for signal <mem<29>>.
    Found 8-bit register for signal <mem<30>>.
    Found 8-bit register for signal <mem<31>>.
    Found 8-bit register for signal <mem<32>>.
    Found 8-bit register for signal <mem<33>>.
    Found 8-bit register for signal <mem<34>>.
    Found 8-bit register for signal <mem<35>>.
    Found 8-bit register for signal <mem<36>>.
    Found 8-bit register for signal <mem<37>>.
    Found 8-bit register for signal <mem<38>>.
    Found 8-bit register for signal <mem<39>>.
    Found 8-bit register for signal <mem<40>>.
    Found 8-bit register for signal <mem<41>>.
    Found 8-bit register for signal <mem<42>>.
    Found 8-bit register for signal <mem<43>>.
    Found 8-bit register for signal <mem<44>>.
    Found 8-bit register for signal <mem<45>>.
    Found 8-bit register for signal <mem<46>>.
    Found 8-bit register for signal <mem<47>>.
    Found 8-bit register for signal <mem<48>>.
    Found 8-bit register for signal <mem<49>>.
    Found 8-bit register for signal <mem<50>>.
    Found 8-bit register for signal <mem<51>>.
    Found 8-bit register for signal <mem<52>>.
    Found 8-bit register for signal <mem<53>>.
    Found 8-bit register for signal <mem<54>>.
    Found 8-bit register for signal <mem<55>>.
    Found 8-bit register for signal <mem<56>>.
    Found 8-bit register for signal <mem<57>>.
    Found 8-bit register for signal <mem<58>>.
    Found 8-bit register for signal <mem<59>>.
    Found 8-bit register for signal <mem<60>>.
    Found 8-bit register for signal <mem<61>>.
    Found 8-bit register for signal <mem<62>>.
    Found 8-bit register for signal <mem<63>>.
    Found 8-bit register for signal <mem<64>>.
    Found 8-bit register for signal <mem<65>>.
    Found 8-bit register for signal <mem<66>>.
    Found 8-bit register for signal <mem<67>>.
    Found 8-bit register for signal <mem<68>>.
    Found 8-bit register for signal <mem<69>>.
    Found 8-bit register for signal <mem<70>>.
    Found 8-bit register for signal <mem<71>>.
    Found 8-bit register for signal <mem<72>>.
    Found 8-bit register for signal <mem<73>>.
    Found 8-bit register for signal <mem<74>>.
    Found 8-bit register for signal <mem<75>>.
    Found 8-bit register for signal <mem<76>>.
    Found 8-bit register for signal <mem<77>>.
    Found 8-bit register for signal <mem<78>>.
    Found 8-bit register for signal <mem<79>>.
    Found 8-bit register for signal <mem<80>>.
    Found 8-bit register for signal <mem<81>>.
    Found 8-bit register for signal <mem<82>>.
    Found 8-bit register for signal <mem<83>>.
    Found 8-bit register for signal <mem<84>>.
    Found 8-bit register for signal <mem<85>>.
    Found 8-bit register for signal <mem<86>>.
    Found 8-bit register for signal <mem<87>>.
    Found 8-bit register for signal <mem<88>>.
    Found 8-bit register for signal <mem<89>>.
    Found 8-bit register for signal <mem<90>>.
    Found 8-bit register for signal <mem<91>>.
    Found 8-bit register for signal <mem<92>>.
    Found 8-bit register for signal <mem<93>>.
    Found 8-bit register for signal <mem<94>>.
    Found 8-bit register for signal <mem<95>>.
    Found 8-bit register for signal <mem<96>>.
    Found 8-bit register for signal <mem<97>>.
    Found 8-bit register for signal <mem<98>>.
    Found 8-bit register for signal <mem<99>>.
    Found 8-bit register for signal <mem<100>>.
    Found 8-bit register for signal <mem<101>>.
    Found 8-bit register for signal <mem<102>>.
    Found 8-bit register for signal <mem<103>>.
    Found 8-bit register for signal <mem<104>>.
    Found 8-bit register for signal <mem<105>>.
    Found 8-bit register for signal <mem<106>>.
    Found 8-bit register for signal <mem<107>>.
    Found 8-bit register for signal <mem<108>>.
    Found 8-bit register for signal <mem<109>>.
    Found 8-bit register for signal <mem<110>>.
    Found 8-bit register for signal <mem<111>>.
    Found 8-bit register for signal <mem<112>>.
    Found 8-bit register for signal <mem<113>>.
    Found 8-bit register for signal <mem<114>>.
    Found 8-bit register for signal <mem<115>>.
    Found 8-bit register for signal <mem<116>>.
    Found 8-bit register for signal <mem<117>>.
    Found 8-bit register for signal <mem<118>>.
    Found 8-bit register for signal <mem<119>>.
    Found 8-bit register for signal <mem<120>>.
    Found 8-bit register for signal <mem<121>>.
    Found 8-bit register for signal <mem<122>>.
    Found 8-bit register for signal <mem<123>>.
    Found 8-bit register for signal <mem<124>>.
    Found 8-bit register for signal <mem<125>>.
    Found 8-bit register for signal <mem<126>>.
    Found 8-bit register for signal <mem<127>>.
    Found 8-bit register for signal <mem<128>>.
    Found 8-bit register for signal <mem<129>>.
    Found 8-bit register for signal <mem<130>>.
    Found 8-bit register for signal <mem<131>>.
    Found 8-bit register for signal <mem<132>>.
    Found 8-bit register for signal <mem<133>>.
    Found 8-bit register for signal <mem<134>>.
    Found 8-bit register for signal <mem<135>>.
    Found 8-bit register for signal <mem<136>>.
    Found 8-bit register for signal <mem<137>>.
    Found 8-bit register for signal <mem<138>>.
    Found 8-bit register for signal <mem<139>>.
    Found 8-bit register for signal <mem<140>>.
    Found 8-bit register for signal <mem<141>>.
    Found 8-bit register for signal <mem<142>>.
    Found 8-bit register for signal <mem<143>>.
    Found 8-bit register for signal <mem<144>>.
    Found 8-bit register for signal <mem<145>>.
    Found 8-bit register for signal <mem<146>>.
    Found 8-bit register for signal <mem<147>>.
    Found 8-bit register for signal <mem<148>>.
    Found 8-bit register for signal <mem<149>>.
    Found 8-bit register for signal <mem<150>>.
    Found 8-bit register for signal <mem<151>>.
    Found 8-bit register for signal <mem<152>>.
    Found 8-bit register for signal <mem<153>>.
    Found 8-bit register for signal <mem<154>>.
    Found 8-bit register for signal <mem<155>>.
    Found 8-bit register for signal <mem<156>>.
    Found 8-bit register for signal <mem<157>>.
    Found 8-bit register for signal <mem<158>>.
    Found 8-bit register for signal <mem<159>>.
    Found 8-bit register for signal <mem<160>>.
    Found 8-bit register for signal <mem<161>>.
    Found 8-bit register for signal <mem<162>>.
    Found 8-bit register for signal <mem<163>>.
    Found 8-bit register for signal <mem<164>>.
    Found 8-bit register for signal <mem<165>>.
    Found 8-bit register for signal <mem<166>>.
    Found 8-bit register for signal <mem<167>>.
    Found 8-bit register for signal <mem<168>>.
    Found 8-bit register for signal <mem<169>>.
    Found 8-bit register for signal <mem<170>>.
    Found 8-bit register for signal <mem<171>>.
    Found 8-bit register for signal <mem<172>>.
    Found 8-bit register for signal <mem<173>>.
    Found 8-bit register for signal <mem<174>>.
    Found 8-bit register for signal <mem<175>>.
    Found 8-bit register for signal <mem<176>>.
    Found 8-bit register for signal <mem<177>>.
    Found 8-bit register for signal <mem<178>>.
    Found 8-bit register for signal <mem<179>>.
    Found 8-bit register for signal <mem<180>>.
    Found 8-bit register for signal <mem<181>>.
    Found 8-bit register for signal <mem<182>>.
    Found 8-bit register for signal <mem<183>>.
    Found 8-bit register for signal <mem<184>>.
    Found 8-bit register for signal <mem<185>>.
    Found 8-bit register for signal <mem<186>>.
    Found 8-bit register for signal <mem<187>>.
    Found 8-bit register for signal <mem<188>>.
    Found 8-bit register for signal <mem<189>>.
    Found 8-bit register for signal <mem<190>>.
    Found 8-bit register for signal <mem<191>>.
    Found 8-bit register for signal <mem<192>>.
    Found 8-bit register for signal <mem<193>>.
    Found 8-bit register for signal <mem<194>>.
    Found 8-bit register for signal <mem<195>>.
    Found 8-bit register for signal <mem<196>>.
    Found 8-bit register for signal <mem<197>>.
    Found 8-bit register for signal <mem<198>>.
    Found 8-bit register for signal <mem<199>>.
    Found 8-bit register for signal <mem<200>>.
    Found 8-bit register for signal <mem<201>>.
    Found 8-bit register for signal <mem<202>>.
    Found 8-bit register for signal <mem<203>>.
    Found 8-bit register for signal <mem<204>>.
    Found 8-bit register for signal <mem<205>>.
    Found 8-bit register for signal <mem<206>>.
    Found 8-bit register for signal <mem<207>>.
    Found 8-bit register for signal <mem<208>>.
    Found 8-bit register for signal <mem<209>>.
    Found 8-bit register for signal <mem<210>>.
    Found 8-bit register for signal <mem<211>>.
    Found 8-bit register for signal <mem<212>>.
    Found 8-bit register for signal <mem<213>>.
    Found 8-bit register for signal <mem<214>>.
    Found 8-bit register for signal <mem<215>>.
    Found 8-bit register for signal <mem<216>>.
    Found 8-bit register for signal <mem<217>>.
    Found 8-bit register for signal <mem<218>>.
    Found 8-bit register for signal <mem<219>>.
    Found 8-bit register for signal <mem<220>>.
    Found 8-bit register for signal <mem<221>>.
    Found 8-bit register for signal <mem<222>>.
    Found 8-bit register for signal <mem<223>>.
    Found 8-bit register for signal <mem<224>>.
    Found 8-bit register for signal <mem<225>>.
    Found 8-bit register for signal <mem<226>>.
    Found 8-bit register for signal <mem<227>>.
    Found 8-bit register for signal <mem<228>>.
    Found 8-bit register for signal <mem<229>>.
    Found 8-bit register for signal <mem<230>>.
    Found 8-bit register for signal <mem<231>>.
    Found 8-bit register for signal <mem<232>>.
    Found 8-bit register for signal <mem<233>>.
    Found 8-bit register for signal <mem<234>>.
    Found 8-bit register for signal <mem<235>>.
    Found 8-bit register for signal <mem<236>>.
    Found 8-bit register for signal <mem<237>>.
    Found 8-bit register for signal <mem<238>>.
    Found 8-bit register for signal <mem<239>>.
    Found 8-bit register for signal <mem<240>>.
    Found 8-bit register for signal <mem<241>>.
    Found 8-bit register for signal <mem<242>>.
    Found 8-bit register for signal <mem<243>>.
    Found 8-bit register for signal <mem<244>>.
    Found 8-bit register for signal <mem<245>>.
    Found 8-bit register for signal <mem<246>>.
    Found 8-bit register for signal <mem<247>>.
    Found 8-bit register for signal <mem<248>>.
    Found 8-bit register for signal <mem<249>>.
    Found 8-bit register for signal <mem<250>>.
    Found 8-bit register for signal <mem<251>>.
    Found 8-bit register for signal <mem<252>>.
    Found 8-bit register for signal <mem<253>>.
    Found 8-bit register for signal <mem<254>>.
    Found 8-bit register for signal <mem<255>>.
    Found 8-bit register for signal <addr_reg>.
    Found 8-bit register for signal <dout_reg>.
    Found 8-bit register for signal <mem<0>>.
INFO:Xst:3019 - HDL ADVISOR - 2048 flip-flops were inferred for signal <mem>. You may be trying to describe a RAM in a way that is incompatible with block and distributed RAM resources available on Xilinx devices, or with a specific template that is not supported. Please review the Xilinx resources documentation and the XST user manual for coding guidelines. Taking advantage of RAM resources will lead to improved device usage and reduced synthesis time.
    Found 8-bit 256-to-1 multiplexer for signal <addr_reg[7]_mem[255][7]_wide_mux_513_OUT> created at line 47.
    Summary:
	inferred 2064 D-type flip-flop(s).
	inferred   1 Multiplexer(s).
Unit <bram_sram> synthesized.

=========================================================================
HDL Synthesis Report

Macro Statistics
# Registers                                            : 266
 1-bit register                                        : 3
 8-bit register                                        : 263
# Multiplexers                                         : 10
 1-bit 2-to-1 multiplexer                              : 5
 8-bit 2-to-1 multiplexer                              : 4
 8-bit 256-to-1 multiplexer                            : 1
# FSMs                                                 : 1

=========================================================================

=========================================================================
*                       Advanced HDL Synthesis                          *
=========================================================================


=========================================================================
Advanced HDL Synthesis Report

Macro Statistics
# Registers                                            : 2107
 Flip-Flops                                            : 2107
# Multiplexers                                         : 10
 1-bit 2-to-1 multiplexer                              : 5
 8-bit 2-to-1 multiplexer                              : 4
 8-bit 256-to-1 multiplexer                            : 1
# FSMs                                                 : 1

=========================================================================

=========================================================================
*                         Low Level Synthesis                           *
=========================================================================
Analyzing FSM <MFsm> for best encoding.
Optimizing FSM <u_controller/FSM_0> on signal <state[1:3]> with user encoding.
------------------------
 State      | Encoding
------------------------
 idle       | 000
 read_wait1 | 001
 read_wait2 | 010
 read_done  | 011
 write_do   | 100
 write_done | 101
------------------------

Optimizing unit <top_bram_fsm> ...

Optimizing unit <bram_controller> ...

Optimizing unit <bram_sram> ...
INFO:Xst:2261 - The FF/Latch <u_controller/state_FSM_FFd1> in Unit <top_bram_fsm> is equivalent to the following FF/Latch, which will be removed : <u_controller/bram_we_reg> 

Mapping all equations...
Building and optimizing final netlist ...
Found area constraint ratio of 100 (+ 5) on block top_bram_fsm, actual ratio is 151.
Optimizing block <top_bram_fsm> to meet ratio 100 (+ 5) of 600 slices :
WARNING:Xst:2254 - Area constraint could not be met for block <top_bram_fsm>, final ratio is 149.
FlipFlop u_bram/addr_reg_0 has been replicated 32 time(s)
FlipFlop u_bram/addr_reg_1 has been replicated 26 time(s)
FlipFlop u_bram/addr_reg_2 has been replicated 9 time(s)
FlipFlop u_bram/addr_reg_3 has been replicated 5 time(s)
FlipFlop u_controller/bram_addr_reg_0 has been replicated 17 time(s)
FlipFlop u_controller/bram_addr_reg_1 has been replicated 15 time(s)
FlipFlop u_controller/bram_addr_reg_2 has been replicated 15 time(s)
FlipFlop u_controller/bram_addr_reg_3 has been replicated 15 time(s)
FlipFlop u_controller/bram_addr_reg_4 has been replicated 11 time(s)
FlipFlop u_controller/bram_addr_reg_5 has been replicated 15 time(s)
FlipFlop u_controller/bram_addr_reg_6 has been replicated 6 time(s)
FlipFlop u_controller/bram_addr_reg_7 has been replicated 5 time(s)
FlipFlop u_controller/state_FSM_FFd1 has been replicated 5 time(s)
FlipFlop u_controller/state_FSM_FFd2 has been replicated 1 time(s)
FlipFlop u_controller/state_FSM_FFd3 has been replicated 1 time(s)

Final Macro Processing ...

=========================================================================
Final Register Report

Macro Statistics
# Registers                                            : 2287
 Flip-Flops                                            : 2287

=========================================================================

=========================================================================
*                           Partition Report                            *
=========================================================================

Partition Implementation Status
-------------------------------

  No Partitions were found in this design.

-------------------------------

=========================================================================
*                            Design Summary                             *
=========================================================================

Top Level Output File Name         : top_bram_fsm.ngc

Primitive and Black Box Usage:
------------------------------
# BELS                             : 3319
#      INV                         : 14
#      LUT2                        : 2
#      LUT3                        : 2
#      LUT4                        : 8
#      LUT5                        : 2084
#      LUT6                        : 801
#      MUXF7                       : 272
#      MUXF8                       : 136
# FlipFlops/Latches                : 2287
#      FDR                         : 100
#      FDRE                        : 2187
# Clock Buffers                    : 1
#      BUFGP                       : 1
# IO Buffers                       : 30
#      IBUF                        : 20
#      OBUF                        : 10

Device utilization summary:
---------------------------

Selected Device : 6slx4tqg144-3 


Slice Logic Utilization: 
 Number of Slice Registers:            2287  out of   4800    47%  
 Number of Slice LUTs:                 2911  out of   2400   121% (*) 
    Number used as Logic:              2911  out of   2400   121% (*) 

Slice Logic Distribution: 
 Number of LUT Flip Flop pairs used:   3032
   Number with an unused Flip Flop:     745  out of   3032    24%  
   Number with an unused LUT:           121  out of   3032     3%  
   Number of fully used LUT-FF pairs:  2166  out of   3032    71%  
   Number of unique control sets:        19

IO Utilization: 
 Number of IOs:                          31
 Number of bonded IOBs:                  31  out of    102    30%  

Specific Feature Utilization:
 Number of BUFG/BUFGCTRLs:                1  out of     16     6%  

WARNING:Xst:1336 -  (*) More than 100% of Device resources are used

---------------------------
Partition Resource Summary:
---------------------------

  No Partitions were found in this design.

---------------------------


=========================================================================
Timing Report

NOTE: THESE TIMING NUMBERS ARE ONLY A SYNTHESIS ESTIMATE.
      FOR ACCURATE TIMING INFORMATION PLEASE REFER TO THE TRACE REPORT
      GENERATED AFTER PLACE-and-ROUTE.

Clock Information:
------------------
-----------------------------------+------------------------+-------+
Clock Signal                       | Clock buffer(FF name)  | Load  |
-----------------------------------+------------------------+-------+
clk                                | BUFGP                  | 2287  |
-----------------------------------+------------------------+-------+

Asynchronous Control Signals Information:
----------------------------------------
No asynchronous control signals found in this design

Timing Summary:
---------------
Speed Grade: -3

   Minimum period: 3.677ns (Maximum Frequency: 271.963MHz)
   Minimum input arrival time before clock: 5.275ns
   Maximum output required time after clock: 3.634ns
   Maximum combinational path delay: No path found

Timing Details:
---------------
All values displayed in nanoseconds (ns)

=========================================================================
Timing constraint: Default period analysis for Clock 'clk'
  Clock period: 3.677ns (frequency: 271.963MHz)
  Total number of paths / destination ports: 27089 / 4482
-------------------------------------------------------------------------
Delay:               3.677ns (Levels of Logic = 1)
  Source:            u_controller/state_FSM_FFd1_2 (FF)
  Destination:       u_controller/bram_addr_reg_7 (FF)
  Source Clock:      clk rising
  Destination Clock: clk rising

  Data Path: u_controller/state_FSM_FFd1_2 to u_controller/bram_addr_reg_7
                                Gate     Net
    Cell:in->out      fanout   Delay   Delay  Logical Name (Net Name)
    ----------------------------------------  ------------
     FDR:C->Q              1   0.447   0.808  u_controller/state_FSM_FFd1_2 (u_controller/state_FSM_FFd1_2)
     LUT6:I3->O          107   0.205   1.895  u_controller/_n0143_inv1 (u_controller/_n0143_inv)
     FDRE:CE                   0.322          u_controller/bram_addr_reg_0
    ----------------------------------------
    Total                      3.677ns (0.974ns logic, 2.703ns route)
                                       (26.5% logic, 73.5% route)

=========================================================================
Timing constraint: Default OFFSET IN BEFORE for Clock 'clk'
  Total number of paths / destination ports: 2806 / 2534
-------------------------------------------------------------------------
Offset:              5.275ns (Levels of Logic = 2)
  Source:            rst (PAD)
  Destination:       u_controller/state_FSM_FFd3 (FF)
  Destination Clock: clk rising

  Data Path: rst to u_controller/state_FSM_FFd3
                                Gate     Net
    Cell:in->out      fanout   Delay   Delay  Logical Name (Net Name)
    ----------------------------------------  ------------
     IBUF:I->O          2280   1.222   2.619  rst_IBUF (rst_IBUF)
     LUT2:I0->O            8   0.203   0.802  u_controller/state<0>_01 (u_controller/state<0>_0)
     FDR:R                     0.430          u_controller/state_FSM_FFd1
    ----------------------------------------
    Total                      5.275ns (1.855ns logic, 3.420ns route)
                                       (35.2% logic, 64.8% route)

=========================================================================
Timing constraint: Default OFFSET OUT AFTER for Clock 'clk'
  Total number of paths / destination ports: 10 / 10
-------------------------------------------------------------------------
Offset:              3.634ns (Levels of Logic = 1)
  Source:            u_controller/data_out_reg_7 (FF)
  Destination:       data_out<7> (PAD)
  Source Clock:      clk rising

  Data Path: u_controller/data_out_reg_7 to data_out<7>
                                Gate     Net
    Cell:in->out      fanout   Delay   Delay  Logical Name (Net Name)
    ----------------------------------------  ------------
     FDRE:C->Q             2   0.447   0.616  u_controller/data_out_reg_7 (u_controller/data_out_reg_7)
     OBUF:I->O                 2.571          data_out_7_OBUF (data_out<7>)
    ----------------------------------------
    Total                      3.634ns (3.018ns logic, 0.616ns route)
                                       (83.0% logic, 17.0% route)

=========================================================================

Cross Clock Domains Report:
--------------------------

Clock to Setup on destination clock clk
---------------+---------+---------+---------+---------+
               | Src:Rise| Src:Fall| Src:Rise| Src:Fall|
Source Clock   |Dest:Rise|Dest:Rise|Dest:Fall|Dest:Fall|
---------------+---------+---------+---------+---------+
clk            |    3.677|         |         |         |
---------------+---------+---------+---------+---------+

=========================================================================


Total REAL time to Xst completion: 12.00 secs
Total CPU time to Xst completion: 12.05 secs
 
--> 

Total memory usage is 4541096 kilobytes

Number of errors   :    0 (   0 filtered)
Number of warnings :    6 (   0 filtered)
Number of infos    :    2 (   0 filtered)

